{"timestamp":"2026-08-18T14:27:49.091104Z","level":"info","event":"Filling up the DagBag from /opt/airflow/dags/utils/airflow_callbacks.py","logger":"airflow.dag_processing.dagbag.BundleDagBag","filename":"dagbag.py","lineno":469}
{"timestamp":"2026-08-18T14:28:19.363113Z","level":"error","event":"Process timed out, PID: 19","logger":"airflow.dag_processing.importers.python_importer","filename":"python_importer.py","lineno":62}
{"timestamp":"2026-08-18T14:28:19.379120Z","level":"error","event":"Failed to import: /opt/airflow/dags/utils/airflow_callbacks.py","logger":"airflow.dag_processing.importers.python_importer","filename":"python_importer.py","lineno":244,"error_detail":[{"exc_type":"AirflowTaskTimeout","exc_value":"DagBag import timeout for /opt/airflow/dags/utils/airflow_callbacks.py after 30.0s.\nPlease take a look at these docs to improve your DAG import time:\n* https://airflow.apache.org/docs/apache-airflow/3.2.2/best-practices.html#top-level-python-code\n* https://airflow.apache.org/docs/apache-airflow/3.2.2/best-practices.html#reducing-dag-complexity, PID: 19","exc_notes":[],"syntax_error":null,"is_cause":false,"frames":[{"filename":"/home/airflow/.local/lib/python3.12/site-packages/airflow/dag_processing/importers/python_importer.py","lineno":238,"name":"parse"},{"filename":"<frozen importlib._bootstrap_external>","lineno":999,"name":"exec_module"},{"filename":"<frozen importlib._bootstrap>","lineno":488,"name":"_call_with_frames_removed"},{"filename":"/opt/airflow/dags/utils/airflow_callbacks.py","lineno":3,"name":"<module>"},{"filename":"/home/airflow/.local/lib/python3.12/site-packages/requests/__init__.py","lineno":50,"name":"<module>"},{"filename":"/home/airflow/.local/lib/python3.12/site-packages/charset_normalizer/__init__.py","lineno":26,"name":"<module>"},{"filename":"/home/airflow/.local/lib/python3.12/site-packages/charset_normalizer/api.py","lineno":47,"name":"<module>"},{"filename":"/home/airflow/.local/lib/python3.12/site-packages/charset_normalizer/utils.py","lineno":281,"name":"is_multi_byte_encoding"},{"filename":"/usr/python/lib/python3.12/importlib/__init__.py","lineno":90,"name":"import_module"},{"filename":"<frozen importlib._bootstrap>","lineno":1387,"name":"_gcd_import"},{"filename":"<frozen importlib._bootstrap>","lineno":1357,"name":"_find_and_load"},{"filename":"<frozen importlib._bootstrap>","lineno":421,"name":"__exit__"},{"filename":"<frozen importlib._bootstrap>","lineno":378,"name":"release"},{"filename":"/home/airflow/.local/lib/python3.12/site-packages/airflow/dag_processing/importers/python_importer.py","lineno":65,"name":"handle_timeout"}],"is_group":false,"exceptions":[]}]}
{"timestamp":"2026-08-18T14:28:19.418128Z","level":"error","event":"Error loading DAG from utils/airflow_callbacks.py: DagBag import timeout for /opt/airflow/dags/utils/airflow_callbacks.py after 30.0s.\nPlease take a look at these docs to improve your DAG import time:\n* https://airflow.apache.org/docs/apache-airflow/3.2.2/best-practices.html#top-level-python-code\n* https://airflow.apache.org/docs/apache-airflow/3.2.2/best-practices.html#reducing-dag-complexity, PID: 19","logger":"airflow.dag_processing.dagbag.BundleDagBag","filename":"dagbag.py","lineno":327}
{"timestamp":"2026-08-18T14:28:50.152572Z","level":"info","event":"Filling up the DagBag from /opt/airflow/dags/utils/airflow_callbacks.py","logger":"airflow.dag_processing.dagbag.BundleDagBag","filename":"dagbag.py","lineno":469}
{"timestamp":"2026-08-18T14:29:21.073650Z","level":"info","event":"Filling up the DagBag from /opt/airflow/dags/utils/airflow_callbacks.py","logger":"airflow.dag_processing.dagbag.BundleDagBag","filename":"dagbag.py","lineno":469}
{"timestamp":"2026-08-18T14:29:51.394121Z","level":"info","event":"Filling up the DagBag from /opt/airflow/dags/utils/airflow_callbacks.py","logger":"airflow.dag_processing.dagbag.BundleDagBag","filename":"dagbag.py","lineno":469}
{"timestamp":"2026-08-18T14:30:22.044881Z","level":"info","event":"Filling up the DagBag from /opt/airflow/dags/utils/airflow_callbacks.py","logger":"airflow.dag_processing.dagbag.BundleDagBag","filename":"dagbag.py","lineno":469}
{"timestamp":"2026-08-18T14:30:52.452142Z","level":"info","event":"Filling up the DagBag from /opt/airflow/dags/utils/airflow_callbacks.py","logger":"airflow.dag_processing.dagbag.BundleDagBag","filename":"dagbag.py","lineno":469}
{"timestamp":"2026-08-18T14:31:23.309797Z","level":"info","event":"Filling up the DagBag from /opt/airflow/dags/utils/airflow_callbacks.py","logger":"airflow.dag_processing.dagbag.BundleDagBag","filename":"dagbag.py","lineno":469}
{"timestamp":"2026-08-18T14:31:53.632524Z","level":"info","event":"Filling up the DagBag from /opt/airflow/dags/utils/airflow_callbacks.py","logger":"airflow.dag_processing.dagbag.BundleDagBag","filename":"dagbag.py","lineno":469}
{"timestamp":"2026-08-18T14:32:37.996033Z","level":"info","event":"Filling up the DagBag from /opt/airflow/dags/utils/airflow_callbacks.py","logger":"airflow.dag_processing.dagbag.BundleDagBag","filename":"dagbag.py","lineno":469}
{"timestamp":"2026-08-18T14:33:15.410750Z","level":"info","event":"Filling up the DagBag from /opt/airflow/dags/utils/airflow_callbacks.py","logger":"airflow.dag_processing.dagbag.BundleDagBag","filename":"dagbag.py","lineno":469}
{"timestamp":"2026-08-18T14:33:50.116677Z","level":"info","event":"Filling up the DagBag from /opt/airflow/dags/utils/airflow_callbacks.py","logger":"airflow.dag_processing.dagbag.BundleDagBag","filename":"dagbag.py","lineno":469}
{"timestamp":"2026-08-18T14:34:21.996025Z","level":"info","event":"Filling up the DagBag from /opt/airflow/dags/utils/airflow_callbacks.py","logger":"airflow.dag_processing.dagbag.BundleDagBag","filename":"dagbag.py","lineno":469}
{"timestamp":"2026-08-18T14:34:54.610157Z","level":"info","event":"Filling up the DagBag from /opt/airflow/dags/utils/airflow_callbacks.py","logger":"airflow.dag_processing.dagbag.BundleDagBag","filename":"dagbag.py","lineno":469}
{"timestamp":"2026-08-18T14:35:30.515002Z","level":"info","event":"Filling up the DagBag from /opt/airflow/dags/utils/airflow_callbacks.py","logger":"airflow.dag_processing.dagbag.BundleDagBag","filename":"dagbag.py","lineno":469}
{"timestamp":"2026-08-18T14:36:04.257086Z","level":"info","event":"Filling up the DagBag from /opt/airflow/dags/utils/airflow_callbacks.py","logger":"airflow.dag_processing.dagbag.BundleDagBag","filename":"dagbag.py","lineno":469}
{"timestamp":"2026-08-18T14:36:36.498058Z","level":"info","event":"Filling up the DagBag from /opt/airflow/dags/utils/airflow_callbacks.py","logger":"airflow.dag_processing.dagbag.BundleDagBag","filename":"dagbag.py","lineno":469}
{"timestamp":"2026-08-18T14:37:08.169805Z","level":"info","event":"Filling up the DagBag from /opt/airflow/dags/utils/airflow_callbacks.py","logger":"airflow.dag_processing.dagbag.BundleDagBag","filename":"dagbag.py","lineno":469}
{"timestamp":"2026-08-18T14:37:42.505399Z","level":"info","event":"Filling up the DagBag from /opt/airflow/dags/utils/airflow_callbacks.py","logger":"airflow.dag_processing.dagbag.BundleDagBag","filename":"dagbag.py","lineno":469}
{"timestamp":"2026-08-18T14:38:13.876892Z","level":"info","event":"Filling up the DagBag from /opt/airflow/dags/utils/airflow_callbacks.py","logger":"airflow.dag_processing.dagbag.BundleDagBag","filename":"dagbag.py","lineno":469}
{"timestamp":"2026-08-18T14:38:47.340657Z","level":"info","event":"Filling up the DagBag from /opt/airflow/dags/utils/airflow_callbacks.py","logger":"airflow.dag_processing.dagbag.BundleDagBag","filename":"dagbag.py","lineno":469}
{"timestamp":"2026-08-18T14:39:17.943171Z","level":"info","event":"Filling up the DagBag from /opt/airflow/dags/utils/airflow_callbacks.py","logger":"airflow.dag_processing.dagbag.BundleDagBag","filename":"dagbag.py","lineno":469}
{"timestamp":"2026-08-18T14:39:51.443938Z","level":"info","event":"Filling up the DagBag from /opt/airflow/dags/utils/airflow_callbacks.py","logger":"airflow.dag_processing.dagbag.BundleDagBag","filename":"dagbag.py","lineno":469}
{"timestamp":"2026-08-18T14:40:25.638922Z","level":"info","event":"Filling up the DagBag from /opt/airflow/dags/utils/airflow_callbacks.py","logger":"airflow.dag_processing.dagbag.BundleDagBag","filename":"dagbag.py","lineno":469}
{"timestamp":"2026-08-18T14:41:00.582280Z","level":"info","event":"Filling up the DagBag from /opt/airflow/dags/utils/airflow_callbacks.py","logger":"airflow.dag_processing.dagbag.BundleDagBag","filename":"dagbag.py","lineno":469}
{"timestamp":"2026-08-18T14:41:31.760538Z","level":"info","event":"Filling up the DagBag from /opt/airflow/dags/utils/airflow_callbacks.py","logger":"airflow.dag_processing.dagbag.BundleDagBag","filename":"dagbag.py","lineno":469}
{"timestamp":"2026-08-18T14:42:03.487015Z","level":"info","event":"Filling up the DagBag from /opt/airflow/dags/utils/airflow_callbacks.py","logger":"airflow.dag_processing.dagbag.BundleDagBag","filename":"dagbag.py","lineno":469}
{"timestamp":"2026-08-18T14:42:34.171901Z","level":"info","event":"Filling up the DagBag from /opt/airflow/dags/utils/airflow_callbacks.py","logger":"airflow.dag_processing.dagbag.BundleDagBag","filename":"dagbag.py","lineno":469}
{"timestamp":"2026-08-18T14:43:04.808199Z","level":"info","event":"Filling up the DagBag from /opt/airflow/dags/utils/airflow_callbacks.py","logger":"airflow.dag_processing.dagbag.BundleDagBag","filename":"dagbag.py","lineno":469}
{"timestamp":"2026-08-18T14:48:48.343915Z","level":"info","event":"Filling up the DagBag from /opt/airflow/dags/utils/airflow_callbacks.py","logger":"airflow.dag_processing.dagbag.BundleDagBag","filename":"dagbag.py","lineno":469}
{"timestamp":"2026-08-18T14:49:19.368849Z","level":"error","event":"Process timed out, PID: 18","logger":"airflow.dag_processing.importers.python_importer","filename":"python_importer.py","lineno":62}
{"timestamp":"2026-08-18T14:49:19.396047Z","level":"error","event":"Failed to import: /opt/airflow/dags/utils/airflow_callbacks.py","logger":"airflow.dag_processing.importers.python_importer","filename":"python_importer.py","lineno":244,"error_detail":[{"exc_type":"AirflowTaskTimeout","exc_value":"DagBag import timeout for /opt/airflow/dags/utils/airflow_callbacks.py after 30.0s.\nPlease take a look at these docs to improve your DAG import time:\n* https://airflow.apache.org/docs/apache-airflow/3.2.2/best-practices.html#top-level-python-code\n* https://airflow.apache.org/docs/apache-airflow/3.2.2/best-practices.html#reducing-dag-complexity, PID: 18","exc_notes":[],"syntax_error":null,"is_cause":false,"frames":[{"filename":"/home/airflow/.local/lib/python3.12/site-packages/airflow/dag_processing/importers/python_importer.py","lineno":238,"name":"parse"},{"filename":"<frozen importlib._bootstrap_external>","lineno":999,"name":"exec_module"},{"filename":"<frozen importlib._bootstrap>","lineno":488,"name":"_call_with_frames_removed"},{"filename":"/opt/airflow/dags/utils/airflow_callbacks.py","lineno":3,"name":"<module>"},{"filename":"/home/airflow/.local/lib/python3.12/site-packages/requests/__init__.py","lineno":47,"name":"<module>"},{"filename":"/home/airflow/.local/lib/python3.12/site-packages/requests/exceptions.py","lineno":14,"name":"<module>"},{"filename":"/home/airflow/.local/lib/python3.12/site-packages/requests/compat.py","lineno":49,"name":"<module>"},{"filename":"/home/airflow/.local/lib/python3.12/site-packages/requests/compat.py","lineno":43,"name":"_resolve_char_detection"},{"filename":"/usr/python/lib/python3.12/importlib/__init__.py","lineno":90,"name":"import_module"},{"filename":"/home/airflow/.local/lib/python3.12/site-packages/chardet/__init__.py","lineno":23,"name":"<module>"},{"filename":"/home/airflow/.local/lib/python3.12/site-packages/chardet/universaldetector.py","lineno":49,"name":"<module>"},{"filename":"/home/airflow/.local/lib/python3.12/site-packages/chardet/sbcsgroupprober.py","lineno":100,"name":"<module>"},{"filename":"<frozen importlib._bootstrap>","lineno":1360,"name":"_find_and_load"},{"filename":"<frozen importlib._bootstrap>","lineno":1331,"name":"_find_and_load_unlocked"},{"filename":"<frozen importlib._bootstrap>","lineno":935,"name":"_load_unlocked"},{"filename":"<frozen importlib._bootstrap_external>","lineno":995,"name":"exec_module"},{"filename":"<frozen importlib._bootstrap_external>","lineno":1146,"name":"get_code"},{"filename":"<frozen importlib._bootstrap_external>","lineno":1214,"name":"_cache_bytecode"},{"filename":"<frozen importlib._bootstrap_external>","lineno":1239,"name":"set_data"},{"filename":"<frozen importlib._bootstrap_external>","lineno":201,"name":"_write_atomic"},{"filename":"/home/airflow/.local/lib/python3.12/site-packages/airflow/dag_processing/importers/python_importer.py","lineno":65,"name":"handle_timeout"}],"is_group":false,"exceptions":[]}]}
{"timestamp":"2026-08-18T14:49:19.769231Z","level":"error","event":"Error loading DAG from utils/airflow_callbacks.py: DagBag import timeout for /opt/airflow/dags/utils/airflow_callbacks.py after 30.0s.\nPlease take a look at these docs to improve your DAG import time:\n* https://airflow.apache.org/docs/apache-airflow/3.2.2/best-practices.html#top-level-python-code\n* https://airflow.apache.org/docs/apache-airflow/3.2.2/best-practices.html#reducing-dag-complexity, PID: 18","logger":"airflow.dag_processing.dagbag.BundleDagBag","filename":"dagbag.py","lineno":327}
{"timestamp":"2026-08-18T14:49:56.508736Z","level":"info","event":"Filling up the DagBag from /opt/airflow/dags/utils/airflow_callbacks.py","logger":"airflow.dag_processing.dagbag.BundleDagBag","filename":"dagbag.py","lineno":469}
{"timestamp":"2026-08-18T14:50:27.169392Z","level":"info","event":"Filling up the DagBag from /opt/airflow/dags/utils/airflow_callbacks.py","logger":"airflow.dag_processing.dagbag.BundleDagBag","filename":"dagbag.py","lineno":469}
{"timestamp":"2026-08-18T14:50:57.626032Z","level":"info","event":"Filling up the DagBag from /opt/airflow/dags/utils/airflow_callbacks.py","logger":"airflow.dag_processing.dagbag.BundleDagBag","filename":"dagbag.py","lineno":469}
{"timestamp":"2026-08-18T14:51:27.881405Z","level":"info","event":"Filling up the DagBag from /opt/airflow/dags/utils/airflow_callbacks.py","logger":"airflow.dag_processing.dagbag.BundleDagBag","filename":"dagbag.py","lineno":469}
{"timestamp":"2026-08-18T14:51:58.408439Z","level":"info","event":"Filling up the DagBag from /opt/airflow/dags/utils/airflow_callbacks.py","logger":"airflow.dag_processing.dagbag.BundleDagBag","filename":"dagbag.py","lineno":469}
{"timestamp":"2026-08-18T14:52:28.962115Z","level":"info","event":"Filling up the DagBag from /opt/airflow/dags/utils/airflow_callbacks.py","logger":"airflow.dag_processing.dagbag.BundleDagBag","filename":"dagbag.py","lineno":469}
{"timestamp":"2026-08-18T14:52:59.348222Z","level":"info","event":"Filling up the DagBag from /opt/airflow/dags/utils/airflow_callbacks.py","logger":"airflow.dag_processing.dagbag.BundleDagBag","filename":"dagbag.py","lineno":469}
{"timestamp":"2026-08-18T14:53:30.312323Z","level":"info","event":"Filling up the DagBag from /opt/airflow/dags/utils/airflow_callbacks.py","logger":"airflow.dag_processing.dagbag.BundleDagBag","filename":"dagbag.py","lineno":469}
{"timestamp":"2026-08-18T14:54:01.255950Z","level":"info","event":"Filling up the DagBag from /opt/airflow/dags/utils/airflow_callbacks.py","logger":"airflow.dag_processing.dagbag.BundleDagBag","filename":"dagbag.py","lineno":469}
{"timestamp":"2026-08-18T14:54:31.748669Z","level":"info","event":"Filling up the DagBag from /opt/airflow/dags/utils/airflow_callbacks.py","logger":"airflow.dag_processing.dagbag.BundleDagBag","filename":"dagbag.py","lineno":469}
{"timestamp":"2026-08-18T14:55:02.688960Z","level":"info","event":"Filling up the DagBag from /opt/airflow/dags/utils/airflow_callbacks.py","logger":"airflow.dag_processing.dagbag.BundleDagBag","filename":"dagbag.py","lineno":469}
{"timestamp":"2026-08-18T14:55:33.051357Z","level":"info","event":"Filling up the DagBag from /opt/airflow/dags/utils/airflow_callbacks.py","logger":"airflow.dag_processing.dagbag.BundleDagBag","filename":"dagbag.py","lineno":469}
{"timestamp":"2026-08-18T14:56:04.122909Z","level":"info","event":"Filling up the DagBag from /opt/airflow/dags/utils/airflow_callbacks.py","logger":"airflow.dag_processing.dagbag.BundleDagBag","filename":"dagbag.py","lineno":469}
{"timestamp":"2026-08-18T14:56:34.720376Z","level":"info","event":"Filling up the DagBag from /opt/airflow/dags/utils/airflow_callbacks.py","logger":"airflow.dag_processing.dagbag.BundleDagBag","filename":"dagbag.py","lineno":469}
{"timestamp":"2026-08-18T14:57:05.956271Z","level":"info","event":"Filling up the DagBag from /opt/airflow/dags/utils/airflow_callbacks.py","logger":"airflow.dag_processing.dagbag.BundleDagBag","filename":"dagbag.py","lineno":469}
{"timestamp":"2026-08-18T14:57:37.100463Z","level":"info","event":"Filling up the DagBag from /opt/airflow/dags/utils/airflow_callbacks.py","logger":"airflow.dag_processing.dagbag.BundleDagBag","filename":"dagbag.py","lineno":469}
{"timestamp":"2026-08-18T14:58:08.019675Z","level":"info","event":"Filling up the DagBag from /opt/airflow/dags/utils/airflow_callbacks.py","logger":"airflow.dag_processing.dagbag.BundleDagBag","filename":"dagbag.py","lineno":469}
{"timestamp":"2026-08-18T14:58:41.325905Z","level":"info","event":"Filling up the DagBag from /opt/airflow/dags/utils/airflow_callbacks.py","logger":"airflow.dag_processing.dagbag.BundleDagBag","filename":"dagbag.py","lineno":469}
{"timestamp":"2026-08-18T14:59:14.806746Z","level":"info","event":"Filling up the DagBag from /opt/airflow/dags/utils/airflow_callbacks.py","logger":"airflow.dag_processing.dagbag.BundleDagBag","filename":"dagbag.py","lineno":469}
{"timestamp":"2026-08-18T14:59:46.640739Z","level":"info","event":"Filling up the DagBag from /opt/airflow/dags/utils/airflow_callbacks.py","logger":"airflow.dag_processing.dagbag.BundleDagBag","filename":"dagbag.py","lineno":469}
{"timestamp":"2026-08-18T15:00:19.387444Z","level":"info","event":"Filling up the DagBag from /opt/airflow/dags/utils/airflow_callbacks.py","logger":"airflow.dag_processing.dagbag.BundleDagBag","filename":"dagbag.py","lineno":469}
{"timestamp":"2026-08-18T15:00:52.350548Z","level":"info","event":"Filling up the DagBag from /opt/airflow/dags/utils/airflow_callbacks.py","logger":"airflow.dag_processing.dagbag.BundleDagBag","filename":"dagbag.py","lineno":469}
{"timestamp":"2026-08-18T15:01:27.963390Z","level":"info","event":"Filling up the DagBag from /opt/airflow/dags/utils/airflow_callbacks.py","logger":"airflow.dag_processing.dagbag.BundleDagBag","filename":"dagbag.py","lineno":469}
{"timestamp":"2026-08-18T15:02:01.901735Z","level":"info","event":"Filling up the DagBag from /opt/airflow/dags/utils/airflow_callbacks.py","logger":"airflow.dag_processing.dagbag.BundleDagBag","filename":"dagbag.py","lineno":469}
{"timestamp":"2026-08-18T15:02:32.260800Z","level":"info","event":"Filling up the DagBag from /opt/airflow/dags/utils/airflow_callbacks.py","logger":"airflow.dag_processing.dagbag.BundleDagBag","filename":"dagbag.py","lineno":469}
{"timestamp":"2026-08-18T15:03:03.329922Z","level":"info","event":"Filling up the DagBag from /opt/airflow/dags/utils/airflow_callbacks.py","logger":"airflow.dag_processing.dagbag.BundleDagBag","filename":"dagbag.py","lineno":469}
{"timestamp":"2026-08-18T15:03:33.637760Z","level":"info","event":"Filling up the DagBag from /opt/airflow/dags/utils/airflow_callbacks.py","logger":"airflow.dag_processing.dagbag.BundleDagBag","filename":"dagbag.py","lineno":469}
{"timestamp":"2026-08-18T15:04:03.977988Z","level":"info","event":"Filling up the DagBag from /opt/airflow/dags/utils/airflow_callbacks.py","logger":"airflow.dag_processing.dagbag.BundleDagBag","filename":"dagbag.py","lineno":469}
{"timestamp":"2026-08-18T15:04:34.650652Z","level":"info","event":"Filling up the DagBag from /opt/airflow/dags/utils/airflow_callbacks.py","logger":"airflow.dag_processing.dagbag.BundleDagBag","filename":"dagbag.py","lineno":469}
{"timestamp":"2026-08-18T15:05:05.300546Z","level":"info","event":"Filling up the DagBag from /opt/airflow/dags/utils/airflow_callbacks.py","logger":"airflow.dag_processing.dagbag.BundleDagBag","filename":"dagbag.py","lineno":469}
{"timestamp":"2026-08-18T15:05:35.517205Z","level":"info","event":"Filling up the DagBag from /opt/airflow/dags/utils/airflow_callbacks.py","logger":"airflow.dag_processing.dagbag.BundleDagBag","filename":"dagbag.py","lineno":469}
{"timestamp":"2026-08-18T15:06:06.397088Z","level":"info","event":"Filling up the DagBag from /opt/airflow/dags/utils/airflow_callbacks.py","logger":"airflow.dag_processing.dagbag.BundleDagBag","filename":"dagbag.py","lineno":469}
{"timestamp":"2026-08-18T15:06:37.107008Z","level":"info","event":"Filling up the DagBag from /opt/airflow/dags/utils/airflow_callbacks.py","logger":"airflow.dag_processing.dagbag.BundleDagBag","filename":"dagbag.py","lineno":469}
{"timestamp":"2026-08-18T15:07:08.032392Z","level":"info","event":"Filling up the DagBag from /opt/airflow/dags/utils/airflow_callbacks.py","logger":"airflow.dag_processing.dagbag.BundleDagBag","filename":"dagbag.py","lineno":469}
{"timestamp":"2026-08-18T15:07:39.970202Z","level":"info","event":"Filling up the DagBag from /opt/airflow/dags/utils/airflow_callbacks.py","logger":"airflow.dag_processing.dagbag.BundleDagBag","filename":"dagbag.py","lineno":469}
{"timestamp":"2026-08-18T15:08:12.450022Z","level":"info","event":"Filling up the DagBag from /opt/airflow/dags/utils/airflow_callbacks.py","logger":"airflow.dag_processing.dagbag.BundleDagBag","filename":"dagbag.py","lineno":469}
{"timestamp":"2026-08-18T15:08:54.214528Z","level":"info","event":"Filling up the DagBag from /opt/airflow/dags/utils/airflow_callbacks.py","logger":"airflow.dag_processing.dagbag.BundleDagBag","filename":"dagbag.py","lineno":469}
{"timestamp":"2026-08-18T15:09:26.021983Z","level":"info","event":"Filling up the DagBag from /opt/airflow/dags/utils/airflow_callbacks.py","logger":"airflow.dag_processing.dagbag.BundleDagBag","filename":"dagbag.py","lineno":469}
{"timestamp":"2026-08-18T15:30:02.846768Z","level":"info","event":"Filling up the DagBag from /opt/airflow/dags/utils/airflow_callbacks.py","logger":"airflow.dag_processing.dagbag.BundleDagBag","filename":"dagbag.py","lineno":469}
{"timestamp":"2026-08-18T15:30:34.266754Z","level":"error","event":"Process timed out, PID: 21","logger":"airflow.dag_processing.importers.python_importer","filename":"python_importer.py","lineno":62}
{"timestamp":"2026-08-18T15:30:34.268493Z","level":"error","event":"Failed to import: /opt/airflow/dags/utils/airflow_callbacks.py","logger":"airflow.dag_processing.importers.python_importer","filename":"python_importer.py","lineno":244,"error_detail":[{"exc_type":"AirflowTaskTimeout","exc_value":"DagBag import timeout for /opt/airflow/dags/utils/airflow_callbacks.py after 30.0s.\nPlease take a look at these docs to improve your DAG import time:\n* https://airflow.apache.org/docs/apache-airflow/3.2.2/best-practices.html#top-level-python-code\n* https://airflow.apache.org/docs/apache-airflow/3.2.2/best-practices.html#reducing-dag-complexity, PID: 21","exc_notes":[],"syntax_error":null,"is_cause":false,"frames":[{"filename":"/home/airflow/.local/lib/python3.12/site-packages/airflow/dag_processing/importers/python_importer.py","lineno":238,"name":"parse"},{"filename":"<frozen importlib._bootstrap_external>","lineno":999,"name":"exec_module"},{"filename":"<frozen importlib._bootstrap>","lineno":488,"name":"_call_with_frames_removed"},{"filename":"/opt/airflow/dags/utils/airflow_callbacks.py","lineno":3,"name":"<module>"},{"filename":"/home/airflow/.local/lib/python3.12/site-packages/requests/__init__.py","lineno":47,"name":"<module>"},{"filename":"/home/airflow/.local/lib/python3.12/site-packages/requests/exceptions.py","lineno":14,"name":"<module>"},{"filename":"/home/airflow/.local/lib/python3.12/site-packages/requests/compat.py","lineno":49,"name":"<module>"},{"filename":"/home/airflow/.local/lib/python3.12/site-packages/requests/compat.py","lineno":43,"name":"_resolve_char_detection"},{"filename":"/usr/python/lib/python3.12/importlib/__init__.py","lineno":90,"name":"import_module"},{"filename":"/home/airflow/.local/lib/python3.12/site-packages/chardet/__init__.py","lineno":23,"name":"<module>"},{"filename":"/home/airflow/.local/lib/python3.12/site-packages/chardet/universaldetector.py","lineno":49,"name":"<module>"},{"filename":"/home/airflow/.local/lib/python3.12/site-packages/chardet/sbcsgroupprober.py","lineno":132,"name":"<module>"},{"filename":"<frozen importlib._bootstrap>","lineno":1360,"name":"_find_and_load"},{"filename":"<frozen importlib._bootstrap>","lineno":1331,"name":"_find_and_load_unlocked"},{"filename":"<frozen importlib._bootstrap>","lineno":935,"name":"_load_unlocked"},{"filename":"<frozen importlib._bootstrap_external>","lineno":995,"name":"exec_module"},{"filename":"<frozen importlib._bootstrap_external>","lineno":1132,"name":"get_code"},{"filename":"<frozen importlib._bootstrap_external>","lineno":1187,"name":"get_data"},{"filename":"/home/airflow/.local/lib/python3.12/site-packages/airflow/dag_processing/importers/python_importer.py","lineno":65,"name":"handle_timeout"}],"is_group":false,"exceptions":[]}]}
{"timestamp":"2026-08-18T15:30:34.666154Z","level":"error","event":"Error loading DAG from utils/airflow_callbacks.py: DagBag import timeout for /opt/airflow/dags/utils/airflow_callbacks.py after 30.0s.\nPlease take a look at these docs to improve your DAG import time:\n* https://airflow.apache.org/docs/apache-airflow/3.2.2/best-practices.html#top-level-python-code\n* https://airflow.apache.org/docs/apache-airflow/3.2.2/best-practices.html#reducing-dag-complexity, PID: 21","logger":"airflow.dag_processing.dagbag.BundleDagBag","filename":"dagbag.py","lineno":327}
{"timestamp":"2026-08-18T15:32:50.659359Z","level":"info","event":"Filling up the DagBag from /opt/airflow/dags/utils/airflow_callbacks.py","logger":"airflow.dag_processing.dagbag.BundleDagBag","filename":"dagbag.py","lineno":469}
{"timestamp":"2026-08-18T15:33:37.861784Z","level":"info","event":"Filling up the DagBag from /opt/airflow/dags/utils/airflow_callbacks.py","logger":"airflow.dag_processing.dagbag.BundleDagBag","filename":"dagbag.py","lineno":469}
{"timestamp":"2026-08-18T15:34:11.309493Z","level":"info","event":"Filling up the DagBag from /opt/airflow/dags/utils/airflow_callbacks.py","logger":"airflow.dag_processing.dagbag.BundleDagBag","filename":"dagbag.py","lineno":469}
{"timestamp":"2026-08-18T15:34:47.796863Z","level":"info","event":"Filling up the DagBag from /opt/airflow/dags/utils/airflow_callbacks.py","logger":"airflow.dag_processing.dagbag.BundleDagBag","filename":"dagbag.py","lineno":469}
{"timestamp":"2026-08-18T15:35:22.652592Z","level":"info","event":"Filling up the DagBag from /opt/airflow/dags/utils/airflow_callbacks.py","logger":"airflow.dag_processing.dagbag.BundleDagBag","filename":"dagbag.py","lineno":469}
{"timestamp":"2026-08-18T15:35:58.253978Z","level":"info","event":"Filling up the DagBag from /opt/airflow/dags/utils/airflow_callbacks.py","logger":"airflow.dag_processing.dagbag.BundleDagBag","filename":"dagbag.py","lineno":469}
{"timestamp":"2026-08-18T15:36:32.076663Z","level":"info","event":"Filling up the DagBag from /opt/airflow/dags/utils/airflow_callbacks.py","logger":"airflow.dag_processing.dagbag.BundleDagBag","filename":"dagbag.py","lineno":469}
{"timestamp":"2026-08-18T15:37:06.293838Z","level":"info","event":"Filling up the DagBag from /opt/airflow/dags/utils/airflow_callbacks.py","logger":"airflow.dag_processing.dagbag.BundleDagBag","filename":"dagbag.py","lineno":469}
{"timestamp":"2026-08-18T15:37:41.880996Z","level":"info","event":"Filling up the DagBag from /opt/airflow/dags/utils/airflow_callbacks.py","logger":"airflow.dag_processing.dagbag.BundleDagBag","filename":"dagbag.py","lineno":469}
{"timestamp":"2026-08-18T15:38:13.706853Z","level":"info","event":"Filling up the DagBag from /opt/airflow/dags/utils/airflow_callbacks.py","logger":"airflow.dag_processing.dagbag.BundleDagBag","filename":"dagbag.py","lineno":469}
{"timestamp":"2026-08-18T15:38:45.865229Z","level":"info","event":"Filling up the DagBag from /opt/airflow/dags/utils/airflow_callbacks.py","logger":"airflow.dag_processing.dagbag.BundleDagBag","filename":"dagbag.py","lineno":469}
{"timestamp":"2026-08-18T15:39:17.477308Z","level":"info","event":"Filling up the DagBag from /opt/airflow/dags/utils/airflow_callbacks.py","logger":"airflow.dag_processing.dagbag.BundleDagBag","filename":"dagbag.py","lineno":469}
{"timestamp":"2026-08-18T15:39:48.917349Z","level":"info","event":"Filling up the DagBag from /opt/airflow/dags/utils/airflow_callbacks.py","logger":"airflow.dag_processing.dagbag.BundleDagBag","filename":"dagbag.py","lineno":469}
{"timestamp":"2026-08-18T15:40:20.072563Z","level":"info","event":"Filling up the DagBag from /opt/airflow/dags/utils/airflow_callbacks.py","logger":"airflow.dag_processing.dagbag.BundleDagBag","filename":"dagbag.py","lineno":469}
{"timestamp":"2026-08-18T15:40:57.890439Z","level":"info","event":"Filling up the DagBag from /opt/airflow/dags/utils/airflow_callbacks.py","logger":"airflow.dag_processing.dagbag.BundleDagBag","filename":"dagbag.py","lineno":469}
{"timestamp":"2026-08-18T15:41:28.750577Z","level":"info","event":"Filling up the DagBag from /opt/airflow/dags/utils/airflow_callbacks.py","logger":"airflow.dag_processing.dagbag.BundleDagBag","filename":"dagbag.py","lineno":469}
{"timestamp":"2026-08-18T15:42:03.526436Z","level":"info","event":"Filling up the DagBag from /opt/airflow/dags/utils/airflow_callbacks.py","logger":"airflow.dag_processing.dagbag.BundleDagBag","filename":"dagbag.py","lineno":469}
{"timestamp":"2026-08-18T15:42:44.130425Z","level":"info","event":"Filling up the DagBag from /opt/airflow/dags/utils/airflow_callbacks.py","logger":"airflow.dag_processing.dagbag.BundleDagBag","filename":"dagbag.py","lineno":469}
{"timestamp":"2026-08-18T15:43:18.435527Z","level":"info","event":"Filling up the DagBag from /opt/airflow/dags/utils/airflow_callbacks.py","logger":"airflow.dag_processing.dagbag.BundleDagBag","filename":"dagbag.py","lineno":469}
{"timestamp":"2026-08-18T15:43:50.145742Z","level":"info","event":"Filling up the DagBag from /opt/airflow/dags/utils/airflow_callbacks.py","logger":"airflow.dag_processing.dagbag.BundleDagBag","filename":"dagbag.py","lineno":469}
{"timestamp":"2026-08-18T15:44:21.465287Z","level":"info","event":"Filling up the DagBag from /opt/airflow/dags/utils/airflow_callbacks.py","logger":"airflow.dag_processing.dagbag.BundleDagBag","filename":"dagbag.py","lineno":469}
{"timestamp":"2026-08-18T15:44:52.224860Z","level":"info","event":"Filling up the DagBag from /opt/airflow/dags/utils/airflow_callbacks.py","logger":"airflow.dag_processing.dagbag.BundleDagBag","filename":"dagbag.py","lineno":469}
{"timestamp":"2026-08-18T15:45:23.191708Z","level":"info","event":"Filling up the DagBag from /opt/airflow/dags/utils/airflow_callbacks.py","logger":"airflow.dag_processing.dagbag.BundleDagBag","filename":"dagbag.py","lineno":469}
{"timestamp":"2026-08-18T15:45:54.923954Z","level":"info","event":"Filling up the DagBag from /opt/airflow/dags/utils/airflow_callbacks.py","logger":"airflow.dag_processing.dagbag.BundleDagBag","filename":"dagbag.py","lineno":469}
{"timestamp":"2026-08-18T15:46:25.665751Z","level":"info","event":"Filling up the DagBag from /opt/airflow/dags/utils/airflow_callbacks.py","logger":"airflow.dag_processing.dagbag.BundleDagBag","filename":"dagbag.py","lineno":469}
{"timestamp":"2026-08-18T16:10:06.510379Z","level":"info","event":"Filling up the DagBag from /opt/airflow/dags/utils/airflow_callbacks.py","logger":"airflow.dag_processing.dagbag.BundleDagBag","filename":"dagbag.py","lineno":469}
{"timestamp":"2026-08-18T16:10:47.642445Z","level":"info","event":"Filling up the DagBag from /opt/airflow/dags/utils/airflow_callbacks.py","logger":"airflow.dag_processing.dagbag.BundleDagBag","filename":"dagbag.py","lineno":469}
{"timestamp":"2026-08-18T16:11:19.228672Z","level":"info","event":"Filling up the DagBag from /opt/airflow/dags/utils/airflow_callbacks.py","logger":"airflow.dag_processing.dagbag.BundleDagBag","filename":"dagbag.py","lineno":469}
{"timestamp":"2026-08-18T16:11:51.150397Z","level":"info","event":"Filling up the DagBag from /opt/airflow/dags/utils/airflow_callbacks.py","logger":"airflow.dag_processing.dagbag.BundleDagBag","filename":"dagbag.py","lineno":469}
{"timestamp":"2026-08-18T16:12:21.818564Z","level":"info","event":"Filling up the DagBag from /opt/airflow/dags/utils/airflow_callbacks.py","logger":"airflow.dag_processing.dagbag.BundleDagBag","filename":"dagbag.py","lineno":469}
{"timestamp":"2026-08-18T16:12:53.079050Z","level":"info","event":"Filling up the DagBag from /opt/airflow/dags/utils/airflow_callbacks.py","logger":"airflow.dag_processing.dagbag.BundleDagBag","filename":"dagbag.py","lineno":469}
{"timestamp":"2026-08-18T16:13:26.783230Z","level":"info","event":"Filling up the DagBag from /opt/airflow/dags/utils/airflow_callbacks.py","logger":"airflow.dag_processing.dagbag.BundleDagBag","filename":"dagbag.py","lineno":469}
{"timestamp":"2026-08-18T16:13:58.760018Z","level":"info","event":"Filling up the DagBag from /opt/airflow/dags/utils/airflow_callbacks.py","logger":"airflow.dag_processing.dagbag.BundleDagBag","filename":"dagbag.py","lineno":469}
{"timestamp":"2026-08-18T16:14:31.442629Z","level":"info","event":"Filling up the DagBag from /opt/airflow/dags/utils/airflow_callbacks.py","logger":"airflow.dag_processing.dagbag.BundleDagBag","filename":"dagbag.py","lineno":469}
{"timestamp":"2026-08-18T16:15:02.509435Z","level":"info","event":"Filling up the DagBag from /opt/airflow/dags/utils/airflow_callbacks.py","logger":"airflow.dag_processing.dagbag.BundleDagBag","filename":"dagbag.py","lineno":469}
{"timestamp":"2026-08-18T16:15:32.834026Z","level":"info","event":"Filling up the DagBag from /opt/airflow/dags/utils/airflow_callbacks.py","logger":"airflow.dag_processing.dagbag.BundleDagBag","filename":"dagbag.py","lineno":469}
{"timestamp":"2026-08-18T16:16:04.217161Z","level":"info","event":"Filling up the DagBag from /opt/airflow/dags/utils/airflow_callbacks.py","logger":"airflow.dag_processing.dagbag.BundleDagBag","filename":"dagbag.py","lineno":469}
{"timestamp":"2026-08-18T16:16:36.980012Z","level":"info","event":"Filling up the DagBag from /opt/airflow/dags/utils/airflow_callbacks.py","logger":"airflow.dag_processing.dagbag.BundleDagBag","filename":"dagbag.py","lineno":469}
{"timestamp":"2026-08-18T16:17:08.760565Z","level":"info","event":"Filling up the DagBag from /opt/airflow/dags/utils/airflow_callbacks.py","logger":"airflow.dag_processing.dagbag.BundleDagBag","filename":"dagbag.py","lineno":469}
{"timestamp":"2026-08-18T16:17:39.561979Z","level":"info","event":"Filling up the DagBag from /opt/airflow/dags/utils/airflow_callbacks.py","logger":"airflow.dag_processing.dagbag.BundleDagBag","filename":"dagbag.py","lineno":469}
{"timestamp":"2026-08-18T16:18:10.344789Z","level":"info","event":"Filling up the DagBag from /opt/airflow/dags/utils/airflow_callbacks.py","logger":"airflow.dag_processing.dagbag.BundleDagBag","filename":"dagbag.py","lineno":469}
{"timestamp":"2026-08-18T16:18:41.436664Z","level":"info","event":"Filling up the DagBag from /opt/airflow/dags/utils/airflow_callbacks.py","logger":"airflow.dag_processing.dagbag.BundleDagBag","filename":"dagbag.py","lineno":469}
{"timestamp":"2026-08-18T16:19:12.558434Z","level":"info","event":"Filling up the DagBag from /opt/airflow/dags/utils/airflow_callbacks.py","logger":"airflow.dag_processing.dagbag.BundleDagBag","filename":"dagbag.py","lineno":469}
{"timestamp":"2026-08-18T16:19:44.546963Z","level":"info","event":"Filling up the DagBag from /opt/airflow/dags/utils/airflow_callbacks.py","logger":"airflow.dag_processing.dagbag.BundleDagBag","filename":"dagbag.py","lineno":469}
{"timestamp":"2026-08-18T16:20:17.326272Z","level":"info","event":"Filling up the DagBag from /opt/airflow/dags/utils/airflow_callbacks.py","logger":"airflow.dag_processing.dagbag.BundleDagBag","filename":"dagbag.py","lineno":469}
{"timestamp":"2026-08-18T16:20:48.590799Z","level":"info","event":"Filling up the DagBag from /opt/airflow/dags/utils/airflow_callbacks.py","logger":"airflow.dag_processing.dagbag.BundleDagBag","filename":"dagbag.py","lineno":469}
{"timestamp":"2026-08-18T16:21:23.522835Z","level":"info","event":"Filling up the DagBag from /opt/airflow/dags/utils/airflow_callbacks.py","logger":"airflow.dag_processing.dagbag.BundleDagBag","filename":"dagbag.py","lineno":469}
{"timestamp":"2026-08-18T16:21:56.000416Z","level":"info","event":"Filling up the DagBag from /opt/airflow/dags/utils/airflow_callbacks.py","logger":"airflow.dag_processing.dagbag.BundleDagBag","filename":"dagbag.py","lineno":469}
{"timestamp":"2026-08-18T16:25:35.943867Z","level":"info","event":"Filling up the DagBag from /opt/airflow/dags/utils/airflow_callbacks.py","logger":"airflow.dag_processing.dagbag.BundleDagBag","filename":"dagbag.py","lineno":469}
{"timestamp":"2026-08-18T16:26:07.791861Z","level":"info","event":"Filling up the DagBag from /opt/airflow/dags/utils/airflow_callbacks.py","logger":"airflow.dag_processing.dagbag.BundleDagBag","filename":"dagbag.py","lineno":469}
{"timestamp":"2026-08-18T16:26:38.868802Z","level":"info","event":"Filling up the DagBag from /opt/airflow/dags/utils/airflow_callbacks.py","logger":"airflow.dag_processing.dagbag.BundleDagBag","filename":"dagbag.py","lineno":469}
{"timestamp":"2026-08-18T16:27:10.012586Z","level":"info","event":"Filling up the DagBag from /opt/airflow/dags/utils/airflow_callbacks.py","logger":"airflow.dag_processing.dagbag.BundleDagBag","filename":"dagbag.py","lineno":469}
{"timestamp":"2026-08-18T16:27:40.770292Z","level":"info","event":"Filling up the DagBag from /opt/airflow/dags/utils/airflow_callbacks.py","logger":"airflow.dag_processing.dagbag.BundleDagBag","filename":"dagbag.py","lineno":469}
{"timestamp":"2026-08-18T16:28:11.695136Z","level":"info","event":"Filling up the DagBag from /opt/airflow/dags/utils/airflow_callbacks.py","logger":"airflow.dag_processing.dagbag.BundleDagBag","filename":"dagbag.py","lineno":469}
{"timestamp":"2026-08-18T16:28:42.550289Z","level":"info","event":"Filling up the DagBag from /opt/airflow/dags/utils/airflow_callbacks.py","logger":"airflow.dag_processing.dagbag.BundleDagBag","filename":"dagbag.py","lineno":469}
{"timestamp":"2026-08-18T16:29:13.084282Z","level":"info","event":"Filling up the DagBag from /opt/airflow/dags/utils/airflow_callbacks.py","logger":"airflow.dag_processing.dagbag.BundleDagBag","filename":"dagbag.py","lineno":469}
{"timestamp":"2026-08-18T16:29:43.635975Z","level":"info","event":"Filling up the DagBag from /opt/airflow/dags/utils/airflow_callbacks.py","logger":"airflow.dag_processing.dagbag.BundleDagBag","filename":"dagbag.py","lineno":469}
{"timestamp":"2026-08-18T16:30:14.694272Z","level":"info","event":"Filling up the DagBag from /opt/airflow/dags/utils/airflow_callbacks.py","logger":"airflow.dag_processing.dagbag.BundleDagBag","filename":"dagbag.py","lineno":469}
{"timestamp":"2026-08-18T16:30:45.071495Z","level":"info","event":"Filling up the DagBag from /opt/airflow/dags/utils/airflow_callbacks.py","logger":"airflow.dag_processing.dagbag.BundleDagBag","filename":"dagbag.py","lineno":469}
{"timestamp":"2026-08-18T16:31:15.944069Z","level":"info","event":"Filling up the DagBag from /opt/airflow/dags/utils/airflow_callbacks.py","logger":"airflow.dag_processing.dagbag.BundleDagBag","filename":"dagbag.py","lineno":469}
{"timestamp":"2026-08-18T16:31:46.297568Z","level":"info","event":"Filling up the DagBag from /opt/airflow/dags/utils/airflow_callbacks.py","logger":"airflow.dag_processing.dagbag.BundleDagBag","filename":"dagbag.py","lineno":469}
{"timestamp":"2026-08-18T16:32:16.846396Z","level":"info","event":"Filling up the DagBag from /opt/airflow/dags/utils/airflow_callbacks.py","logger":"airflow.dag_processing.dagbag.BundleDagBag","filename":"dagbag.py","lineno":469}
{"timestamp":"2026-08-18T16:32:48.517322Z","level":"info","event":"Filling up the DagBag from /opt/airflow/dags/utils/airflow_callbacks.py","logger":"airflow.dag_processing.dagbag.BundleDagBag","filename":"dagbag.py","lineno":469}
{"timestamp":"2026-08-18T16:33:20.497160Z","level":"info","event":"Filling up the DagBag from /opt/airflow/dags/utils/airflow_callbacks.py","logger":"airflow.dag_processing.dagbag.BundleDagBag","filename":"dagbag.py","lineno":469}
{"timestamp":"2026-08-18T16:33:53.697854Z","level":"info","event":"Filling up the DagBag from /opt/airflow/dags/utils/airflow_callbacks.py","logger":"airflow.dag_processing.dagbag.BundleDagBag","filename":"dagbag.py","lineno":469}
{"timestamp":"2026-08-18T16:34:27.146319Z","level":"info","event":"Filling up the DagBag from /opt/airflow/dags/utils/airflow_callbacks.py","logger":"airflow.dag_processing.dagbag.BundleDagBag","filename":"dagbag.py","lineno":469}
{"timestamp":"2026-08-18T16:34:59.240567Z","level":"info","event":"Filling up the DagBag from /opt/airflow/dags/utils/airflow_callbacks.py","logger":"airflow.dag_processing.dagbag.BundleDagBag","filename":"dagbag.py","lineno":469}
{"timestamp":"2026-08-18T16:35:31.387014Z","level":"info","event":"Filling up the DagBag from /opt/airflow/dags/utils/airflow_callbacks.py","logger":"airflow.dag_processing.dagbag.BundleDagBag","filename":"dagbag.py","lineno":469}
{"timestamp":"2026-08-18T16:36:03.106413Z","level":"info","event":"Filling up the DagBag from /opt/airflow/dags/utils/airflow_callbacks.py","logger":"airflow.dag_processing.dagbag.BundleDagBag","filename":"dagbag.py","lineno":469}
{"timestamp":"2026-08-18T16:36:36.652713Z","level":"info","event":"Filling up the DagBag from /opt/airflow/dags/utils/airflow_callbacks.py","logger":"airflow.dag_processing.dagbag.BundleDagBag","filename":"dagbag.py","lineno":469}
{"timestamp":"2026-08-18T16:37:08.387988Z","level":"info","event":"Filling up the DagBag from /opt/airflow/dags/utils/airflow_callbacks.py","logger":"airflow.dag_processing.dagbag.BundleDagBag","filename":"dagbag.py","lineno":469}
{"timestamp":"2026-08-18T16:37:39.308709Z","level":"info","event":"Filling up the DagBag from /opt/airflow/dags/utils/airflow_callbacks.py","logger":"airflow.dag_processing.dagbag.BundleDagBag","filename":"dagbag.py","lineno":469}
{"timestamp":"2026-08-18T16:38:09.865620Z","level":"info","event":"Filling up the DagBag from /opt/airflow/dags/utils/airflow_callbacks.py","logger":"airflow.dag_processing.dagbag.BundleDagBag","filename":"dagbag.py","lineno":469}
{"timestamp":"2026-08-18T16:38:40.606165Z","level":"info","event":"Filling up the DagBag from /opt/airflow/dags/utils/airflow_callbacks.py","logger":"airflow.dag_processing.dagbag.BundleDagBag","filename":"dagbag.py","lineno":469}
{"timestamp":"2026-08-18T16:39:10.940189Z","level":"info","event":"Filling up the DagBag from /opt/airflow/dags/utils/airflow_callbacks.py","logger":"airflow.dag_processing.dagbag.BundleDagBag","filename":"dagbag.py","lineno":469}
{"timestamp":"2026-08-18T16:39:42.609457Z","level":"info","event":"Filling up the DagBag from /opt/airflow/dags/utils/airflow_callbacks.py","logger":"airflow.dag_processing.dagbag.BundleDagBag","filename":"dagbag.py","lineno":469}
{"timestamp":"2026-08-18T16:40:14.077471Z","level":"info","event":"Filling up the DagBag from /opt/airflow/dags/utils/airflow_callbacks.py","logger":"airflow.dag_processing.dagbag.BundleDagBag","filename":"dagbag.py","lineno":469}
{"timestamp":"2026-08-18T16:40:44.499461Z","level":"info","event":"Filling up the DagBag from /opt/airflow/dags/utils/airflow_callbacks.py","logger":"airflow.dag_processing.dagbag.BundleDagBag","filename":"dagbag.py","lineno":469}
{"timestamp":"2026-08-18T16:41:15.202687Z","level":"info","event":"Filling up the DagBag from /opt/airflow/dags/utils/airflow_callbacks.py","logger":"airflow.dag_processing.dagbag.BundleDagBag","filename":"dagbag.py","lineno":469}
{"timestamp":"2026-08-18T16:41:45.735115Z","level":"info","event":"Filling up the DagBag from /opt/airflow/dags/utils/airflow_callbacks.py","logger":"airflow.dag_processing.dagbag.BundleDagBag","filename":"dagbag.py","lineno":469}
{"timestamp":"2026-08-18T16:42:16.757375Z","level":"info","event":"Filling up the DagBag from /opt/airflow/dags/utils/airflow_callbacks.py","logger":"airflow.dag_processing.dagbag.BundleDagBag","filename":"dagbag.py","lineno":469}
{"timestamp":"2026-08-18T16:42:47.434966Z","level":"info","event":"Filling up the DagBag from /opt/airflow/dags/utils/airflow_callbacks.py","logger":"airflow.dag_processing.dagbag.BundleDagBag","filename":"dagbag.py","lineno":469}
{"timestamp":"2026-08-18T16:43:17.917426Z","level":"info","event":"Filling up the DagBag from /opt/airflow/dags/utils/airflow_callbacks.py","logger":"airflow.dag_processing.dagbag.BundleDagBag","filename":"dagbag.py","lineno":469}
{"timestamp":"2026-08-18T16:43:48.347571Z","level":"info","event":"Filling up the DagBag from /opt/airflow/dags/utils/airflow_callbacks.py","logger":"airflow.dag_processing.dagbag.BundleDagBag","filename":"dagbag.py","lineno":469}
{"timestamp":"2026-08-18T16:44:19.070708Z","level":"info","event":"Filling up the DagBag from /opt/airflow/dags/utils/airflow_callbacks.py","logger":"airflow.dag_processing.dagbag.BundleDagBag","filename":"dagbag.py","lineno":469}
{"timestamp":"2026-08-18T16:44:49.602167Z","level":"info","event":"Filling up the DagBag from /opt/airflow/dags/utils/airflow_callbacks.py","logger":"airflow.dag_processing.dagbag.BundleDagBag","filename":"dagbag.py","lineno":469}
{"timestamp":"2026-08-18T16:45:20.947133Z","level":"info","event":"Filling up the DagBag from /opt/airflow/dags/utils/airflow_callbacks.py","logger":"airflow.dag_processing.dagbag.BundleDagBag","filename":"dagbag.py","lineno":469}
{"timestamp":"2026-08-18T16:45:53.350397Z","level":"info","event":"Filling up the DagBag from /opt/airflow/dags/utils/airflow_callbacks.py","logger":"airflow.dag_processing.dagbag.BundleDagBag","filename":"dagbag.py","lineno":469}
{"timestamp":"2026-08-18T16:46:24.087837Z","level":"info","event":"Filling up the DagBag from /opt/airflow/dags/utils/airflow_callbacks.py","logger":"airflow.dag_processing.dagbag.BundleDagBag","filename":"dagbag.py","lineno":469}
{"timestamp":"2026-08-18T16:46:54.369790Z","level":"info","event":"Filling up the DagBag from /opt/airflow/dags/utils/airflow_callbacks.py","logger":"airflow.dag_processing.dagbag.BundleDagBag","filename":"dagbag.py","lineno":469}
{"timestamp":"2026-08-18T16:47:24.673781Z","level":"info","event":"Filling up the DagBag from /opt/airflow/dags/utils/airflow_callbacks.py","logger":"airflow.dag_processing.dagbag.BundleDagBag","filename":"dagbag.py","lineno":469}
{"timestamp":"2026-08-18T16:47:55.048038Z","level":"info","event":"Filling up the DagBag from /opt/airflow/dags/utils/airflow_callbacks.py","logger":"airflow.dag_processing.dagbag.BundleDagBag","filename":"dagbag.py","lineno":469}
{"timestamp":"2026-08-18T16:48:25.354846Z","level":"info","event":"Filling up the DagBag from /opt/airflow/dags/utils/airflow_callbacks.py","logger":"airflow.dag_processing.dagbag.BundleDagBag","filename":"dagbag.py","lineno":469}
{"timestamp":"2026-08-18T16:48:55.637729Z","level":"info","event":"Filling up the DagBag from /opt/airflow/dags/utils/airflow_callbacks.py","logger":"airflow.dag_processing.dagbag.BundleDagBag","filename":"dagbag.py","lineno":469}
{"timestamp":"2026-08-18T16:49:26.569645Z","level":"info","event":"Filling up the DagBag from /opt/airflow/dags/utils/airflow_callbacks.py","logger":"airflow.dag_processing.dagbag.BundleDagBag","filename":"dagbag.py","lineno":469}
{"timestamp":"2026-08-18T16:49:56.968407Z","level":"info","event":"Filling up the DagBag from /opt/airflow/dags/utils/airflow_callbacks.py","logger":"airflow.dag_processing.dagbag.BundleDagBag","filename":"dagbag.py","lineno":469}
{"timestamp":"2026-08-18T16:50:28.231715Z","level":"info","event":"Filling up the DagBag from /opt/airflow/dags/utils/airflow_callbacks.py","logger":"airflow.dag_processing.dagbag.BundleDagBag","filename":"dagbag.py","lineno":469}
{"timestamp":"2026-08-18T16:50:59.503307Z","level":"info","event":"Filling up the DagBag from /opt/airflow/dags/utils/airflow_callbacks.py","logger":"airflow.dag_processing.dagbag.BundleDagBag","filename":"dagbag.py","lineno":469}
{"timestamp":"2026-08-18T16:51:29.790536Z","level":"info","event":"Filling up the DagBag from /opt/airflow/dags/utils/airflow_callbacks.py","logger":"airflow.dag_processing.dagbag.BundleDagBag","filename":"dagbag.py","lineno":469}
{"timestamp":"2026-08-18T16:52:00.336990Z","level":"info","event":"Filling up the DagBag from /opt/airflow/dags/utils/airflow_callbacks.py","logger":"airflow.dag_processing.dagbag.BundleDagBag","filename":"dagbag.py","lineno":469}
{"timestamp":"2026-08-18T16:52:31.281541Z","level":"info","event":"Filling up the DagBag from /opt/airflow/dags/utils/airflow_callbacks.py","logger":"airflow.dag_processing.dagbag.BundleDagBag","filename":"dagbag.py","lineno":469}
{"timestamp":"2026-08-18T16:53:01.771847Z","level":"info","event":"Filling up the DagBag from /opt/airflow/dags/utils/airflow_callbacks.py","logger":"airflow.dag_processing.dagbag.BundleDagBag","filename":"dagbag.py","lineno":469}
{"timestamp":"2026-08-18T16:53:32.608950Z","level":"info","event":"Filling up the DagBag from /opt/airflow/dags/utils/airflow_callbacks.py","logger":"airflow.dag_processing.dagbag.BundleDagBag","filename":"dagbag.py","lineno":469}
{"timestamp":"2026-08-18T16:54:03.146934Z","level":"info","event":"Filling up the DagBag from /opt/airflow/dags/utils/airflow_callbacks.py","logger":"airflow.dag_processing.dagbag.BundleDagBag","filename":"dagbag.py","lineno":469}
{"timestamp":"2026-08-18T16:54:33.472349Z","level":"info","event":"Filling up the DagBag from /opt/airflow/dags/utils/airflow_callbacks.py","logger":"airflow.dag_processing.dagbag.BundleDagBag","filename":"dagbag.py","lineno":469}
{"timestamp":"2026-08-18T16:55:04.032934Z","level":"info","event":"Filling up the DagBag from /opt/airflow/dags/utils/airflow_callbacks.py","logger":"airflow.dag_processing.dagbag.BundleDagBag","filename":"dagbag.py","lineno":469}
{"timestamp":"2026-08-18T16:55:34.613827Z","level":"info","event":"Filling up the DagBag from /opt/airflow/dags/utils/airflow_callbacks.py","logger":"airflow.dag_processing.dagbag.BundleDagBag","filename":"dagbag.py","lineno":469}
{"timestamp":"2026-08-18T16:56:05.115490Z","level":"info","event":"Filling up the DagBag from /opt/airflow/dags/utils/airflow_callbacks.py","logger":"airflow.dag_processing.dagbag.BundleDagBag","filename":"dagbag.py","lineno":469}
{"timestamp":"2026-08-18T16:56:35.573165Z","level":"info","event":"Filling up the DagBag from /opt/airflow/dags/utils/airflow_callbacks.py","logger":"airflow.dag_processing.dagbag.BundleDagBag","filename":"dagbag.py","lineno":469}
{"timestamp":"2026-08-18T16:57:06.712143Z","level":"info","event":"Filling up the DagBag from /opt/airflow/dags/utils/airflow_callbacks.py","logger":"airflow.dag_processing.dagbag.BundleDagBag","filename":"dagbag.py","lineno":469}
{"timestamp":"2026-08-18T16:57:37.689994Z","level":"info","event":"Filling up the DagBag from /opt/airflow/dags/utils/airflow_callbacks.py","logger":"airflow.dag_processing.dagbag.BundleDagBag","filename":"dagbag.py","lineno":469}
{"timestamp":"2026-08-18T16:58:07.959380Z","level":"info","event":"Filling up the DagBag from /opt/airflow/dags/utils/airflow_callbacks.py","logger":"airflow.dag_processing.dagbag.BundleDagBag","filename":"dagbag.py","lineno":469}
{"timestamp":"2026-08-18T16:58:39.804818Z","level":"info","event":"Filling up the DagBag from /opt/airflow/dags/utils/airflow_callbacks.py","logger":"airflow.dag_processing.dagbag.BundleDagBag","filename":"dagbag.py","lineno":469}
{"timestamp":"2026-08-18T16:59:10.596834Z","level":"info","event":"Filling up the DagBag from /opt/airflow/dags/utils/airflow_callbacks.py","logger":"airflow.dag_processing.dagbag.BundleDagBag","filename":"dagbag.py","lineno":469}
{"timestamp":"2026-08-18T16:59:52.235773Z","level":"info","event":"Filling up the DagBag from /opt/airflow/dags/utils/airflow_callbacks.py","logger":"airflow.dag_processing.dagbag.BundleDagBag","filename":"dagbag.py","lineno":469}
{"timestamp":"2026-08-18T17:00:23.418701Z","level":"info","event":"Filling up the DagBag from /opt/airflow/dags/utils/airflow_callbacks.py","logger":"airflow.dag_processing.dagbag.BundleDagBag","filename":"dagbag.py","lineno":469}
{"timestamp":"2026-08-18T17:00:54.565722Z","level":"info","event":"Filling up the DagBag from /opt/airflow/dags/utils/airflow_callbacks.py","logger":"airflow.dag_processing.dagbag.BundleDagBag","filename":"dagbag.py","lineno":469}
{"timestamp":"2026-08-18T17:01:24.836232Z","level":"info","event":"Filling up the DagBag from /opt/airflow/dags/utils/airflow_callbacks.py","logger":"airflow.dag_processing.dagbag.BundleDagBag","filename":"dagbag.py","lineno":469}
{"timestamp":"2026-08-18T17:01:55.782344Z","level":"info","event":"Filling up the DagBag from /opt/airflow/dags/utils/airflow_callbacks.py","logger":"airflow.dag_processing.dagbag.BundleDagBag","filename":"dagbag.py","lineno":469}
{"timestamp":"2026-08-18T17:02:27.146837Z","level":"info","event":"Filling up the DagBag from /opt/airflow/dags/utils/airflow_callbacks.py","logger":"airflow.dag_processing.dagbag.BundleDagBag","filename":"dagbag.py","lineno":469}
{"timestamp":"2026-08-18T17:02:57.519682Z","level":"info","event":"Filling up the DagBag from /opt/airflow/dags/utils/airflow_callbacks.py","logger":"airflow.dag_processing.dagbag.BundleDagBag","filename":"dagbag.py","lineno":469}
{"timestamp":"2026-08-18T17:03:28.114171Z","level":"info","event":"Filling up the DagBag from /opt/airflow/dags/utils/airflow_callbacks.py","logger":"airflow.dag_processing.dagbag.BundleDagBag","filename":"dagbag.py","lineno":469}
{"timestamp":"2026-08-18T17:03:58.572600Z","level":"info","event":"Filling up the DagBag from /opt/airflow/dags/utils/airflow_callbacks.py","logger":"airflow.dag_processing.dagbag.BundleDagBag","filename":"dagbag.py","lineno":469}
{"timestamp":"2026-08-18T17:04:29.106390Z","level":"info","event":"Filling up the DagBag from /opt/airflow/dags/utils/airflow_callbacks.py","logger":"airflow.dag_processing.dagbag.BundleDagBag","filename":"dagbag.py","lineno":469}
{"timestamp":"2026-08-18T17:05:04.484749Z","level":"info","event":"Filling up the DagBag from /opt/airflow/dags/utils/airflow_callbacks.py","logger":"airflow.dag_processing.dagbag.BundleDagBag","filename":"dagbag.py","lineno":469}
{"timestamp":"2026-08-18T17:05:39.545268Z","level":"info","event":"Filling up the DagBag from /opt/airflow/dags/utils/airflow_callbacks.py","logger":"airflow.dag_processing.dagbag.BundleDagBag","filename":"dagbag.py","lineno":469}
{"timestamp":"2026-08-18T17:06:09.922395Z","level":"info","event":"Filling up the DagBag from /opt/airflow/dags/utils/airflow_callbacks.py","logger":"airflow.dag_processing.dagbag.BundleDagBag","filename":"dagbag.py","lineno":469}
{"timestamp":"2026-08-18T17:06:40.683376Z","level":"info","event":"Filling up the DagBag from /opt/airflow/dags/utils/airflow_callbacks.py","logger":"airflow.dag_processing.dagbag.BundleDagBag","filename":"dagbag.py","lineno":469}
{"timestamp":"2026-08-18T17:07:11.450386Z","level":"info","event":"Filling up the DagBag from /opt/airflow/dags/utils/airflow_callbacks.py","logger":"airflow.dag_processing.dagbag.BundleDagBag","filename":"dagbag.py","lineno":469}
{"timestamp":"2026-08-18T17:07:41.771016Z","level":"info","event":"Filling up the DagBag from /opt/airflow/dags/utils/airflow_callbacks.py","logger":"airflow.dag_processing.dagbag.BundleDagBag","filename":"dagbag.py","lineno":469}
{"timestamp":"2026-08-18T17:08:12.085088Z","level":"info","event":"Filling up the DagBag from /opt/airflow/dags/utils/airflow_callbacks.py","logger":"airflow.dag_processing.dagbag.BundleDagBag","filename":"dagbag.py","lineno":469}
{"timestamp":"2026-08-18T17:08:42.905872Z","level":"info","event":"Filling up the DagBag from /opt/airflow/dags/utils/airflow_callbacks.py","logger":"airflow.dag_processing.dagbag.BundleDagBag","filename":"dagbag.py","lineno":469}
{"timestamp":"2026-08-18T17:09:13.459152Z","level":"info","event":"Filling up the DagBag from /opt/airflow/dags/utils/airflow_callbacks.py","logger":"airflow.dag_processing.dagbag.BundleDagBag","filename":"dagbag.py","lineno":469}
{"timestamp":"2026-08-18T17:09:43.951875Z","level":"info","event":"Filling up the DagBag from /opt/airflow/dags/utils/airflow_callbacks.py","logger":"airflow.dag_processing.dagbag.BundleDagBag","filename":"dagbag.py","lineno":469}
{"timestamp":"2026-08-18T17:10:14.635287Z","level":"info","event":"Filling up the DagBag from /opt/airflow/dags/utils/airflow_callbacks.py","logger":"airflow.dag_processing.dagbag.BundleDagBag","filename":"dagbag.py","lineno":469}
{"timestamp":"2026-08-18T17:10:45.564507Z","level":"info","event":"Filling up the DagBag from /opt/airflow/dags/utils/airflow_callbacks.py","logger":"airflow.dag_processing.dagbag.BundleDagBag","filename":"dagbag.py","lineno":469}
{"timestamp":"2026-08-18T17:11:15.974015Z","level":"info","event":"Filling up the DagBag from /opt/airflow/dags/utils/airflow_callbacks.py","logger":"airflow.dag_processing.dagbag.BundleDagBag","filename":"dagbag.py","lineno":469}
{"timestamp":"2026-08-18T17:11:47.027841Z","level":"info","event":"Filling up the DagBag from /opt/airflow/dags/utils/airflow_callbacks.py","logger":"airflow.dag_processing.dagbag.BundleDagBag","filename":"dagbag.py","lineno":469}
{"timestamp":"2026-08-18T17:12:17.726666Z","level":"info","event":"Filling up the DagBag from /opt/airflow/dags/utils/airflow_callbacks.py","logger":"airflow.dag_processing.dagbag.BundleDagBag","filename":"dagbag.py","lineno":469}
{"timestamp":"2026-08-18T17:12:48.941307Z","level":"info","event":"Filling up the DagBag from /opt/airflow/dags/utils/airflow_callbacks.py","logger":"airflow.dag_processing.dagbag.BundleDagBag","filename":"dagbag.py","lineno":469}
{"timestamp":"2026-08-18T17:13:19.647353Z","level":"info","event":"Filling up the DagBag from /opt/airflow/dags/utils/airflow_callbacks.py","logger":"airflow.dag_processing.dagbag.BundleDagBag","filename":"dagbag.py","lineno":469}
{"timestamp":"2026-08-18T17:13:50.752797Z","level":"info","event":"Filling up the DagBag from /opt/airflow/dags/utils/airflow_callbacks.py","logger":"airflow.dag_processing.dagbag.BundleDagBag","filename":"dagbag.py","lineno":469}
{"timestamp":"2026-08-18T17:14:21.092412Z","level":"info","event":"Filling up the DagBag from /opt/airflow/dags/utils/airflow_callbacks.py","logger":"airflow.dag_processing.dagbag.BundleDagBag","filename":"dagbag.py","lineno":469}
{"timestamp":"2026-08-18T17:14:51.761356Z","level":"info","event":"Filling up the DagBag from /opt/airflow/dags/utils/airflow_callbacks.py","logger":"airflow.dag_processing.dagbag.BundleDagBag","filename":"dagbag.py","lineno":469}
{"timestamp":"2026-08-18T17:15:22.481098Z","level":"info","event":"Filling up the DagBag from /opt/airflow/dags/utils/airflow_callbacks.py","logger":"airflow.dag_processing.dagbag.BundleDagBag","filename":"dagbag.py","lineno":469}
{"timestamp":"2026-08-18T17:15:53.275361Z","level":"info","event":"Filling up the DagBag from /opt/airflow/dags/utils/airflow_callbacks.py","logger":"airflow.dag_processing.dagbag.BundleDagBag","filename":"dagbag.py","lineno":469}
{"timestamp":"2026-08-18T17:16:24.081649Z","level":"info","event":"Filling up the DagBag from /opt/airflow/dags/utils/airflow_callbacks.py","logger":"airflow.dag_processing.dagbag.BundleDagBag","filename":"dagbag.py","lineno":469}
{"timestamp":"2026-08-18T17:16:54.437419Z","level":"info","event":"Filling up the DagBag from /opt/airflow/dags/utils/airflow_callbacks.py","logger":"airflow.dag_processing.dagbag.BundleDagBag","filename":"dagbag.py","lineno":469}
{"timestamp":"2026-08-18T17:17:24.983190Z","level":"info","event":"Filling up the DagBag from /opt/airflow/dags/utils/airflow_callbacks.py","logger":"airflow.dag_processing.dagbag.BundleDagBag","filename":"dagbag.py","lineno":469}
{"timestamp":"2026-08-18T17:17:55.499184Z","level":"info","event":"Filling up the DagBag from /opt/airflow/dags/utils/airflow_callbacks.py","logger":"airflow.dag_processing.dagbag.BundleDagBag","filename":"dagbag.py","lineno":469}
{"timestamp":"2026-08-18T17:18:25.954568Z","level":"info","event":"Filling up the DagBag from /opt/airflow/dags/utils/airflow_callbacks.py","logger":"airflow.dag_processing.dagbag.BundleDagBag","filename":"dagbag.py","lineno":469}
{"timestamp":"2026-08-18T17:18:56.968971Z","level":"info","event":"Filling up the DagBag from /opt/airflow/dags/utils/airflow_callbacks.py","logger":"airflow.dag_processing.dagbag.BundleDagBag","filename":"dagbag.py","lineno":469}
{"timestamp":"2026-08-18T17:19:35.827531Z","level":"info","event":"Filling up the DagBag from /opt/airflow/dags/utils/airflow_callbacks.py","logger":"airflow.dag_processing.dagbag.BundleDagBag","filename":"dagbag.py","lineno":469}
